// Jest Snapshot v1, https://goo.gl/fbAQLP

exports[`connection emits correct actions when signed in and active genfors 1`] = `
Array [
  Array [
    Object {
      "request": Object {
        "headers": Object {
          "cookie": Object {
            "passwordHash": "hashy",
          },
        },
        "user": Object {
          "_id": "123",
          "completedRegistration": true,
          "genfors": "1",
          "logged_in": true,
          "name": "Namy",
          "onlinewebId": "123",
          "permissions": 5,
        },
      },
    },
    "VERSION",
    Object {
      "version": "fake_git_hash",
    },
  ],
  Array [
    Object {
      "request": Object {
        "headers": Object {
          "cookie": Object {
            "passwordHash": "hashy",
          },
        },
        "user": Object {
          "_id": "123",
          "completedRegistration": true,
          "genfors": "1",
          "logged_in": true,
          "name": "Namy",
          "onlinewebId": "123",
          "permissions": 5,
        },
      },
    },
    "AUTH_SIGNED_IN",
    Object {
      "full_name": "Namy",
      "id": "123",
      "logged_in": true,
      "permissions": 5,
      "username": "123",
    },
  ],
  Array [
    Object {
      "request": Object {
        "headers": Object {
          "cookie": Object {
            "passwordHash": "hashy",
          },
        },
        "user": Object {
          "_id": "123",
          "completedRegistration": true,
          "genfors": "1",
          "logged_in": true,
          "name": "Namy",
          "onlinewebId": "123",
          "permissions": 5,
        },
      },
    },
    "AUTH_REGISTERED",
    Object {
      "registered": true,
    },
  ],
  Array [
    Object {
      "request": Object {
        "headers": Object {
          "cookie": Object {
            "passwordHash": "hashy",
          },
        },
        "user": Object {
          "_id": "123",
          "completedRegistration": true,
          "genfors": "1",
          "logged_in": true,
          "name": "Namy",
          "onlinewebId": "123",
          "permissions": 5,
        },
      },
    },
    "OPEN_MEETING",
    Object {
      "id": 1,
      "pin": 3141592653,
      "registrationOpen": true,
    },
  ],
  Array [
    Object {
      "request": Object {
        "headers": Object {
          "cookie": Object {
            "passwordHash": "hashy",
          },
        },
        "user": Object {
          "_id": "123",
          "completedRegistration": true,
          "genfors": "1",
          "logged_in": true,
          "name": "Namy",
          "onlinewebId": "123",
          "permissions": 5,
        },
      },
    },
    "OPEN_ISSUE",
    Object {
      "_id": 1,
      "active": true,
      "description": "Description goes here",
      "genfors": "1",
    },
  ],
  Array [
    Object {
      "request": Object {
        "headers": Object {
          "cookie": Object {
            "passwordHash": "hashy",
          },
        },
        "user": Object {
          "_id": "123",
          "completedRegistration": true,
          "genfors": "1",
          "logged_in": true,
          "name": "Namy",
          "onlinewebId": "123",
          "permissions": 5,
        },
      },
    },
    "ENABLE_VOTING",
  ],
  Array [
    Object {
      "request": Object {
        "headers": Object {
          "cookie": Object {
            "passwordHash": "hashy",
          },
        },
        "user": Object {
          "_id": "123",
          "completedRegistration": true,
          "genfors": "1",
          "logged_in": true,
          "name": "Namy",
          "onlinewebId": "123",
          "permissions": 5,
        },
      },
    },
    "ADD_VOTE",
    Object {
      "_id": 1,
      "option": 3,
      "question": 1,
      "user": 1,
    },
  ],
  Array [
    Object {
      "request": Object {
        "headers": Object {
          "cookie": Object {
            "passwordHash": "hashy",
          },
        },
        "user": Object {
          "_id": "123",
          "completedRegistration": true,
          "genfors": "1",
          "logged_in": true,
          "name": "Namy",
          "onlinewebId": "123",
          "permissions": 5,
        },
      },
    },
    "ADD_VOTE",
    Object {
      "_id": 2,
      "option": 3,
      "question": 1,
      "user": 1,
    },
  ],
  Array [
    Object {
      "request": Object {
        "headers": Object {
          "cookie": Object {
            "passwordHash": "hashy",
          },
        },
        "user": Object {
          "_id": "123",
          "completedRegistration": true,
          "genfors": "1",
          "logged_in": true,
          "name": "Namy",
          "onlinewebId": "123",
          "permissions": 5,
        },
      },
    },
    "ADD_VOTE",
    Object {
      "_id": 3,
      "option": 3,
      "question": 1,
      "user": 1,
    },
  ],
  Array [
    Object {
      "request": Object {
        "headers": Object {
          "cookie": Object {
            "passwordHash": "hashy",
          },
        },
        "user": Object {
          "_id": "123",
          "completedRegistration": true,
          "genfors": "1",
          "logged_in": true,
          "name": "Namy",
          "onlinewebId": "123",
          "permissions": 5,
        },
      },
    },
    "ADD_VOTE",
    Object {
      "_id": 4,
      "option": 3,
      "question": 1,
      "user": 1,
    },
  ],
  Array [
    Object {
      "request": Object {
        "headers": Object {
          "cookie": Object {
            "passwordHash": "hashy",
          },
        },
        "user": Object {
          "_id": "123",
          "completedRegistration": true,
          "genfors": "1",
          "logged_in": true,
          "name": "Namy",
          "onlinewebId": "123",
          "permissions": 5,
        },
      },
    },
    "CLOSE_ISSUE",
    Object {
      "_id": 2,
      "active": true,
      "description": "Description goes here",
      "genfors": "1",
      "meeting": 1,
    },
  ],
  Array [
    Object {
      "request": Object {
        "headers": Object {
          "cookie": Object {
            "passwordHash": "hashy",
          },
        },
        "user": Object {
          "_id": "123",
          "completedRegistration": true,
          "genfors": "1",
          "logged_in": true,
          "name": "Namy",
          "onlinewebId": "123",
          "permissions": 5,
        },
      },
    },
    "CLOSE_ISSUE",
    Object {
      "_id": 2,
      "active": true,
      "description": "Description goes here",
      "genfors": "1",
      "meeting": 1,
    },
  ],
  Array [
    Object {
      "request": Object {
        "headers": Object {
          "cookie": Object {
            "passwordHash": "hashy",
          },
        },
        "user": Object {
          "_id": "123",
          "completedRegistration": true,
          "genfors": "1",
          "logged_in": true,
          "name": "Namy",
          "onlinewebId": "123",
          "permissions": 5,
        },
      },
    },
    "CLOSE_ISSUE",
    Object {
      "_id": 2,
      "active": true,
      "description": "Description goes here",
      "genfors": "1",
      "meeting": 1,
    },
  ],
  Array [
    Object {
      "request": Object {
        "headers": Object {
          "cookie": Object {
            "passwordHash": "hashy",
          },
        },
        "user": Object {
          "_id": "123",
          "completedRegistration": true,
          "genfors": "1",
          "logged_in": true,
          "name": "Namy",
          "onlinewebId": "123",
          "permissions": 5,
        },
      },
    },
    "CLOSE_ISSUE",
    Object {
      "_id": 2,
      "active": true,
      "description": "Description goes here",
      "genfors": "1",
      "meeting": 1,
    },
  ],
  Array [
    Object {
      "request": Object {
        "headers": Object {
          "cookie": Object {
            "passwordHash": "hashy",
          },
        },
        "user": Object {
          "_id": "123",
          "completedRegistration": true,
          "genfors": "1",
          "logged_in": true,
          "name": "Namy",
          "onlinewebId": "123",
          "permissions": 5,
        },
      },
    },
    "ADD_VOTE",
    Object {
      "_id": 1,
      "option": 3,
      "question": 2,
      "user": 1,
    },
  ],
  Array [
    Object {
      "request": Object {
        "headers": Object {
          "cookie": Object {
            "passwordHash": "hashy",
          },
        },
        "user": Object {
          "_id": "123",
          "completedRegistration": true,
          "genfors": "1",
          "logged_in": true,
          "name": "Namy",
          "onlinewebId": "123",
          "permissions": 5,
        },
      },
    },
    "ADD_VOTE",
    Object {
      "_id": 2,
      "option": 3,
      "question": 2,
      "user": 1,
    },
  ],
  Array [
    Object {
      "request": Object {
        "headers": Object {
          "cookie": Object {
            "passwordHash": "hashy",
          },
        },
        "user": Object {
          "_id": "123",
          "completedRegistration": true,
          "genfors": "1",
          "logged_in": true,
          "name": "Namy",
          "onlinewebId": "123",
          "permissions": 5,
        },
      },
    },
    "ADD_VOTE",
    Object {
      "_id": 3,
      "option": 3,
      "question": 2,
      "user": 1,
    },
  ],
  Array [
    Object {
      "request": Object {
        "headers": Object {
          "cookie": Object {
            "passwordHash": "hashy",
          },
        },
        "user": Object {
          "_id": "123",
          "completedRegistration": true,
          "genfors": "1",
          "logged_in": true,
          "name": "Namy",
          "onlinewebId": "123",
          "permissions": 5,
        },
      },
    },
    "ADD_VOTE",
    Object {
      "_id": 4,
      "option": 3,
      "question": 2,
      "user": 1,
    },
  ],
  Array [
    Object {
      "request": Object {
        "headers": Object {
          "cookie": Object {
            "passwordHash": "hashy",
          },
        },
        "user": Object {
          "_id": "123",
          "completedRegistration": true,
          "genfors": "1",
          "logged_in": true,
          "name": "Namy",
          "onlinewebId": "123",
          "permissions": 5,
        },
      },
    },
    "ADD_VOTE",
    Object {
      "_id": 1,
      "option": 3,
      "question": 2,
      "user": 1,
    },
  ],
  Array [
    Object {
      "request": Object {
        "headers": Object {
          "cookie": Object {
            "passwordHash": "hashy",
          },
        },
        "user": Object {
          "_id": "123",
          "completedRegistration": true,
          "genfors": "1",
          "logged_in": true,
          "name": "Namy",
          "onlinewebId": "123",
          "permissions": 5,
        },
      },
    },
    "ADD_VOTE",
    Object {
      "_id": 2,
      "option": 3,
      "question": 2,
      "user": 1,
    },
  ],
  Array [
    Object {
      "request": Object {
        "headers": Object {
          "cookie": Object {
            "passwordHash": "hashy",
          },
        },
        "user": Object {
          "_id": "123",
          "completedRegistration": true,
          "genfors": "1",
          "logged_in": true,
          "name": "Namy",
          "onlinewebId": "123",
          "permissions": 5,
        },
      },
    },
    "ADD_VOTE",
    Object {
      "_id": 3,
      "option": 3,
      "question": 2,
      "user": 1,
    },
  ],
  Array [
    Object {
      "request": Object {
        "headers": Object {
          "cookie": Object {
            "passwordHash": "hashy",
          },
        },
        "user": Object {
          "_id": "123",
          "completedRegistration": true,
          "genfors": "1",
          "logged_in": true,
          "name": "Namy",
          "onlinewebId": "123",
          "permissions": 5,
        },
      },
    },
    "ADD_VOTE",
    Object {
      "_id": 4,
      "option": 3,
      "question": 2,
      "user": 1,
    },
  ],
  Array [
    Object {
      "request": Object {
        "headers": Object {
          "cookie": Object {
            "passwordHash": "hashy",
          },
        },
        "user": Object {
          "_id": "123",
          "completedRegistration": true,
          "genfors": "1",
          "logged_in": true,
          "name": "Namy",
          "onlinewebId": "123",
          "permissions": 5,
        },
      },
    },
    "ADD_VOTE",
    Object {
      "_id": 1,
      "option": 3,
      "question": 2,
      "user": 1,
    },
  ],
  Array [
    Object {
      "request": Object {
        "headers": Object {
          "cookie": Object {
            "passwordHash": "hashy",
          },
        },
        "user": Object {
          "_id": "123",
          "completedRegistration": true,
          "genfors": "1",
          "logged_in": true,
          "name": "Namy",
          "onlinewebId": "123",
          "permissions": 5,
        },
      },
    },
    "ADD_VOTE",
    Object {
      "_id": 2,
      "option": 3,
      "question": 2,
      "user": 1,
    },
  ],
  Array [
    Object {
      "request": Object {
        "headers": Object {
          "cookie": Object {
            "passwordHash": "hashy",
          },
        },
        "user": Object {
          "_id": "123",
          "completedRegistration": true,
          "genfors": "1",
          "logged_in": true,
          "name": "Namy",
          "onlinewebId": "123",
          "permissions": 5,
        },
      },
    },
    "ADD_VOTE",
    Object {
      "_id": 3,
      "option": 3,
      "question": 2,
      "user": 1,
    },
  ],
  Array [
    Object {
      "request": Object {
        "headers": Object {
          "cookie": Object {
            "passwordHash": "hashy",
          },
        },
        "user": Object {
          "_id": "123",
          "completedRegistration": true,
          "genfors": "1",
          "logged_in": true,
          "name": "Namy",
          "onlinewebId": "123",
          "permissions": 5,
        },
      },
    },
    "ADD_VOTE",
    Object {
      "_id": 4,
      "option": 3,
      "question": 2,
      "user": 1,
    },
  ],
  Array [
    Object {
      "request": Object {
        "headers": Object {
          "cookie": Object {
            "passwordHash": "hashy",
          },
        },
        "user": Object {
          "_id": "123",
          "completedRegistration": true,
          "genfors": "1",
          "logged_in": true,
          "name": "Namy",
          "onlinewebId": "123",
          "permissions": 5,
        },
      },
    },
    "ADD_VOTE",
    Object {
      "_id": 1,
      "option": 3,
      "question": 2,
      "user": 1,
    },
  ],
  Array [
    Object {
      "request": Object {
        "headers": Object {
          "cookie": Object {
            "passwordHash": "hashy",
          },
        },
        "user": Object {
          "_id": "123",
          "completedRegistration": true,
          "genfors": "1",
          "logged_in": true,
          "name": "Namy",
          "onlinewebId": "123",
          "permissions": 5,
        },
      },
    },
    "ADD_VOTE",
    Object {
      "_id": 2,
      "option": 3,
      "question": 2,
      "user": 1,
    },
  ],
  Array [
    Object {
      "request": Object {
        "headers": Object {
          "cookie": Object {
            "passwordHash": "hashy",
          },
        },
        "user": Object {
          "_id": "123",
          "completedRegistration": true,
          "genfors": "1",
          "logged_in": true,
          "name": "Namy",
          "onlinewebId": "123",
          "permissions": 5,
        },
      },
    },
    "ADD_VOTE",
    Object {
      "_id": 3,
      "option": 3,
      "question": 2,
      "user": 1,
    },
  ],
  Array [
    Object {
      "request": Object {
        "headers": Object {
          "cookie": Object {
            "passwordHash": "hashy",
          },
        },
        "user": Object {
          "_id": "123",
          "completedRegistration": true,
          "genfors": "1",
          "logged_in": true,
          "name": "Namy",
          "onlinewebId": "123",
          "permissions": 5,
        },
      },
    },
    "ADD_VOTE",
    Object {
      "_id": 4,
      "option": 3,
      "question": 2,
      "user": 1,
    },
  ],
]
`;
